Input file: /Users/SMX_batch_model/Sensitivity_Analysis_SMX_batch/Sobol_input_Tugou_anoxic/inputf_Tugou_anoxic.phrq

Output file: /Users/SMX_batch_model/Sensitivity_Analysis_SMX_batch/output_Tugou_anoxic/Results.out

Database file: /Users/SMX_batch_model/bin/phreeqc_P.dat


Initializing...                                                                 
WARNING: Maximum iterations exceeded, 100

WARNING: Numerical method failed with this set of convergence parameters.

WARNING: Trying smaller step size, pe step size 10, 5 ... 


WARNING: Maximum iterations exceeded, 200

WARNING: Numerical method failed with this set of convergence parameters.

WARNING: Trying reduced tolerance 1e-16 ...


WARNING: Maximum iterations exceeded, 200

WARNING: Numerical method failed with this set of convergence parameters.

WARNING: Trying increased tolerance 1e-14 ...


WARNING: Maximum iterations exceeded, 200

WARNING: Numerical method failed with this set of convergence parameters.

WARNING: Trying diagonal scaling ...


WARNING: Negative moles in solution 1 for Nitro, -4.090251e-12. Recovering...

WARNING: Negative moles in solution 1 for Nitro, -8.423468e-12. Recovering...

WARNING: Negative moles in solution 1 for Nitro, -7.596072e-14. Recovering...

WARNING: Negative moles in solution 1 for Nitro, -1.053861e-13. Recovering...

WARNING: Negative moles in solution 1 for Nitro, -3.127530e-12. Recovering...

WARNING: Negative moles in solution 1 for Nitro, -1.660307e-13. Recovering...

WARNING: Negative moles in solution 1 for Nitro, -5.498672e-12. Recovering...

WARNING: Negative moles in solution 1 for Nitro, -4.012831e-13. Recovering...

WARNING: Negative moles in solution 1 for Nitro, -9.485736e-12. Recovering...

WARNING: Negative moles in solution 1 for Nitro, -5.911190e-14. Recovering...

WARNING: Negative moles in solution 1 for Nitro, -1.251104e-13. Recovering...

WARNING: Negative moles in solution 1 for Nitro, -3.494217e-12. Recovering...

WARNING: Negative moles in solution 1 for Nitro, -1.941441e-13. Recovering...

WARNING: Negative moles in solution 1 for Nitro, -6.067286e-12. Recovering...

WARNING: Negative moles in solution 1 for Nitro, -4.528838e-13. Recovering...

WARNING: Negative moles in solution 1 for Nitro, -1.044477e-11. Recovering...

WARNING: Negative moles in solution 1 for Nitro, -7.649415e-14. Recovering...

WARNING: Negative moles in solution 1 for Nitro, -1.494577e-13. Recovering...

WARNING: Negative moles in solution 1 for Nitro, -3.854891e-12. Recovering...

WARNING: Negative moles in solution 1 for Nitro, -2.257019e-13. Recovering...

WARNING: Negative moles in solution 1 for Nitro, -6.684144e-12. Recovering...

WARNING: Negative moles in solution 1 for Nitro, -5.105130e-13. Recovering...

WARNING: Negative moles in solution 1 for Nitro, -1.149772e-11. Recovering...

WARNING: Negative moles in solution 1 for Nitro, -9.688432e-14. Recovering...

WARNING: Negative moles in solution 1 for Nitro, -1.771740e-13. Recovering...

WARNING: Negative moles in solution 1 for Nitro, -4.251898e-12. Recovering...

WARNING: Negative moles in solution 1 for Nitro, -2.612936e-13. Recovering...
Simulation 1. Kinetic step 38.                                                 
WARNING: Negative moles in solution 1 for Nitro, -7.363031e-12. Recovering...

WARNING: Negative moles in solution 1 for Nitro, -5.747354e-13. Recovering...

WARNING: Negative moles in solution 1 for Nitro, -1.265586e-11. Recovering...

WARNING: Negative moles in solution 1 for Nitro, -1.201466e-13. Recovering...

WARNING: Negative moles in solution 1 for Nitro, -1.250221e-14. Recovering...

WARNING: Negative moles in solution 1 for Nitro, -2.710663e-13. Recovering...

WARNING: Negative moles in solution 1 for Nitro, -1.477171e-12. Recovering...

WARNING: Negative moles in solution 1 for Nitro, -6.659344e-14. Recovering...

WARNING: Negative moles in solution 1 for Nitro, -2.646481e-12. Recovering...

WARNING: Negative moles in solution 1 for Nitro, -9.355240e-14. Recovering...

WARNING: Negative moles in solution 1 for Nitro, -4.636481e-12. Recovering...

WARNING: Negative moles in solution 1 for Nitro, -2.936152e-13. Recovering...

WARNING: Negative moles in solution 1 for Nitro, -8.022359e-12. Recovering...

WARNING: Negative moles in solution 1 for Nitro, -2.404425e-15. Recovering...

WARNING: Negative moles in solution 1 for Nitro, -5.882993e-14. Recovering...

WARNING: Negative moles in solution 1 for Nitro, -2.924979e-12. Recovering...

WARNING: Negative moles in solution 1 for Nitro, -1.177247e-13. Recovering...

WARNING: Negative moles in solution 1 for Nitro, -5.113320e-12. Recovering...

WARNING: Negative moles in solution 1 for Nitro, -3.379341e-13. Recovering...

WARNING: Negative moles in solution 1 for Nitro, -8.836509e-12. Recovering...

WARNING: Negative moles in solution 1 for Nitro, -1.790719e-14. Recovering...

WARNING: Negative moles in solution 1 for Nitro, -7.999415e-14. Recovering...

WARNING: Negative moles in solution 1 for Nitro, -3.231719e-12. Recovering...

WARNING: Negative moles in solution 1 for Nitro, -1.449624e-13. Recovering...

WARNING: Negative moles in solution 1 for Nitro, -5.638056e-12. Recovering...

WARNING: Negative moles in solution 1 for Nitro, -3.873033e-13. Recovering...

WARNING: Negative moles in solution 1 for Nitro, -9.731960e-12. Recovering...

WARNING: Negative moles in solution 1 for Nitro, -3.558895e-14. Recovering...

WARNING: Negative moles in solution 1 for Nitro, -1.038951e-13. Recovering...

WARNING: Negative moles in solution 1 for Nitro, -3.569476e-12. Recovering...

WARNING: Negative moles in solution 1 for Nitro, -1.755255e-13. Recovering...

WARNING: Negative moles in solution 1 for Nitro, -6.215389e-12. Recovering...

WARNING: Negative moles in solution 1 for Nitro, -4.421711e-13. Recovering...

WARNING: Negative moles in solution 1 for Nitro, -1.071672e-11. Recovering...

WARNING: Negative moles in solution 1 for Nitro, -5.562011e-14. Recovering...

WARNING: Negative moles in solution 1 for Nitro, -1.307587e-13. Recovering...

WARNING: Negative moles in solution 1 for Nitro, -3.941236e-12. Recovering...

WARNING: Negative moles in solution 1 for Nitro, -2.096924e-13. Recovering...

WARNING: Negative moles in solution 1 for Nitro, -6.850425e-12. Recovering...
Simulation 1. Kinetic step 85.                                                 
WARNING: Negative moles in solution 1 for Nitro, -5.030368e-13. Recovering...

WARNING: Negative moles in solution 1 for Nitro, -1.179961e-11. Recovering...

WARNING: Negative moles in solution 1 for Nitro, -7.819416e-14. Recovering...

WARNING: Negative moles in solution 1 for Nitro, -1.608413e-13. Recovering...

WARNING: Negative moles in solution 1 for Nitro, -4.350403e-12. Recovering...

WARNING: Negative moles in solution 1 for Nitro, -2.477917e-13. Recovering...

WARNING: Negative moles in solution 1 for Nitro, -7.548996e-12. Recovering...

WARNING: Negative moles in solution 1 for Nitro, -5.704743e-13. Recovering...

WARNING: Negative moles in solution 1 for Nitro, -1.299036e-11. Recovering...

WARNING: Negative moles in solution 1 for Nitro, -1.035296e-13. Recovering...

WARNING: Negative moles in solution 1 for Nitro, -1.944251e-13. Recovering...

WARNING: Negative moles in solution 1 for Nitro, -4.800718e-12. Recovering...

WARNING: Negative moles in solution 1 for Nitro, -2.901857e-13. Recovering...

WARNING: Negative moles in solution 1 for Nitro, -8.317432e-12. Recovering...

WARNING: Negative moles in solution 1 for Nitro, -6.451101e-13. Recovering...

WARNING: Negative moles in solution 1 for Nitro, -1.429972e-11. Recovering...

WARNING: Negative moles in solution 1 for Nitro, -1.318722e-13. Recovering...

WARNING: Negative moles in solution 1 for Nitro, -1.024395e-14. Recovering...

WARNING: Negative moles in solution 1 for Nitro, -3.028325e-13. Recovering...

WARNING: Negative moles in solution 1 for Nitro, -1.666106e-12. Recovering...

WARNING: Negative moles in solution 1 for Nitro, -7.192895e-14. Recovering...

WARNING: Negative moles in solution 1 for Nitro, -2.987953e-12. Recovering...
Simulation 1. Kinetic step 132.                                                Simulation 1. Kinetic step 182.                                                Simulation 1. Kinetic step 232.                                                Simulation 1. Kinetic step 283.                                                

End of Run after 1.90891 Seconds.
