Input file: /Users/SMX_batch_model/Sensitivity_Analysis_SMX_batch/Sobol_input_Tugou_anoxic/inputf_Tugou_anoxic.phrq

Output file: /Users/SMX_batch_model/Sensitivity_Analysis_SMX_batch/output_Tugou_anoxic/Results.out

Database file: /Users/SMX_batch_model/bin/phreeqc_P.dat


Initializing...                                                                 
WARNING: Maximum iterations exceeded, 100

WARNING: Numerical method failed with this set of convergence parameters.

WARNING: Trying smaller step size, pe step size 10, 5 ... 


WARNING: Maximum iterations exceeded, 200

WARNING: Numerical method failed with this set of convergence parameters.

WARNING: Trying reduced tolerance 1e-16 ...


WARNING: Maximum iterations exceeded, 200

WARNING: Numerical method failed with this set of convergence parameters.

WARNING: Trying increased tolerance 1e-14 ...


WARNING: Maximum iterations exceeded, 200

WARNING: Numerical method failed with this set of convergence parameters.

WARNING: Trying diagonal scaling ...


WARNING: Negative moles in solution 1 for Nitro, -4.090251e-12. Recovering...

WARNING: Negative moles in solution 1 for Nitro, -8.423468e-12. Recovering...

WARNING: Negative moles in solution 1 for Nitro, -7.596072e-14. Recovering...

WARNING: Negative moles in solution 1 for Nitro, -1.053861e-13. Recovering...

WARNING: Negative moles in solution 1 for Nitro, -3.127530e-12. Recovering...

WARNING: Negative moles in solution 1 for Nitro, -1.660307e-13. Recovering...

WARNING: Negative moles in solution 1 for Nitro, -5.498672e-12. Recovering...

WARNING: Negative moles in solution 1 for Nitro, -4.012831e-13. Recovering...

WARNING: Negative moles in solution 1 for Nitro, -9.485736e-12. Recovering...

WARNING: Negative moles in solution 1 for Nitro, -5.911190e-14. Recovering...

WARNING: Negative moles in solution 1 for Nitro, -1.251104e-13. Recovering...

WARNING: Negative moles in solution 1 for Nitro, -3.494217e-12. Recovering...

WARNING: Negative moles in solution 1 for Nitro, -1.941441e-13. Recovering...

WARNING: Negative moles in solution 1 for Nitro, -6.067286e-12. Recovering...

WARNING: Negative moles in solution 1 for Nitro, -4.528838e-13. Recovering...

WARNING: Negative moles in solution 1 for Nitro, -1.044477e-11. Recovering...

WARNING: Negative moles in solution 1 for Nitro, -7.649415e-14. Recovering...

WARNING: Negative moles in solution 1 for Nitro, -1.494577e-13. Recovering...

WARNING: Negative moles in solution 1 for Nitro, -3.854891e-12. Recovering...

WARNING: Negative moles in solution 1 for Nitro, -2.257019e-13. Recovering...

WARNING: Negative moles in solution 1 for Nitro, -6.684144e-12. Recovering...

WARNING: Negative moles in solution 1 for Nitro, -5.105130e-13. Recovering...

WARNING: Negative moles in solution 1 for Nitro, -1.149772e-11. Recovering...

WARNING: Negative moles in solution 1 for Nitro, -9.688432e-14. Recovering...

WARNING: Negative moles in solution 1 for Nitro, -1.771740e-13. Recovering...

WARNING: Negative moles in solution 1 for Nitro, -4.251898e-12. Recovering...
